// Jest Snapshot v1, https://goo.gl/fbAQLP

exports[`stringifyContent() 1`] = `""`;
